// Jest Snapshot v1, https://goo.gl/fbAQLP

exports[`Render Review List component Render Reviews List component for authenticated user 1`] = `
<section
  className="property__reviews reviews"
>
  <h2
    className="reviews__title"
  >
    Reviews · 
    <span
      className="reviews__amount"
    >
      0
    </span>
  </h2>
  <ul
    className="reviews__list"
  />
</section>
`;

exports[`Render Review List component Render Reviews List component for not authenticated user 1`] = `
<section
  className="property__reviews reviews"
>
  <h2
    className="reviews__title"
  >
    Reviews · 
    <span
      className="reviews__amount"
    >
      0
    </span>
  </h2>
  <ul
    className="reviews__list"
  />
</section>
`;
