// Jest Snapshot v1, https://goo.gl/fbAQLP

exports[`Render Map component 1`] = `
<div
  className="tabs"
>
  <section
    className="locations container"
  >
    <ul
      className="locations__list tabs__list"
    >
      <li
        className="locations__item"
      >
        <a
          className="locations__item-link tabs__item"
          href="#"
        >
          <span>
            Brest
          </span>
        </a>
      </li>
      <li
        className="locations__item"
      >
        <a
          className="locations__item-link tabs__item"
          href="#"
        >
          <span>
            Grodno
          </span>
        </a>
      </li>
      <li
        className="locations__item"
      >
        <a
          className="locations__item-link tabs__item"
          href="#"
        >
          <span>
            Minsk
          </span>
        </a>
      </li>
    </ul>
  </section>
</div>
`;
