// Jest Snapshot v1, https://goo.gl/fbAQLP

exports[`Render Offer Rating component 1`] = `
<div
  className="property__stars  rating__stars"
>
  <span
    style={
      Object {
        "width": "80%",
      }
    }
  />
  <span
    className="visually-hidden"
  >
    Rating
  </span>
</div>
`;
